// Jest Snapshot v1, https://goo.gl/fbAQLP

exports[`Empty app state matches snapshot 1`] = `
<div
  className="css-1si6n3e"
>
  <div
    className="toolbar css-78eqwq"
  >
    <div
      className="css-q7gju5"
      onClick={[Function]}
      onMouseDown={[Function]}
      onMouseUp={[Function]}
    >
      <div
        className="css-1h9aj9a"
        color="#acacac"
        size={12}
        src="https://external.xx.fbcdn.net/assets/?name=minus-circle&variant=filled&size=12&set=facebook_icons&density=1x"
      />
      No device selected
    </div>
    <div
      className="css-1ayt83l"
    >
      <div
        className="css-rb77sv"
        disabled={true}
        onClick={[Function]}
        onMouseDown={[Function]}
        onMouseUp={[Function]}
        title="Take Screenshot"
      >
        <div
          className="css-1dg3xuk"
          color="#acacac"
          size={12}
          src="https://external.xx.fbcdn.net/assets/?name=camera&variant=filled&size=12&set=facebook_icons&density=1x"
        />
      </div>
      <div
        className="css-rb77sv"
        disabled={true}
        onClick={[Function]}
        onMouseDown={[Function]}
        onMouseUp={[Function]}
        title="Make Screen Recording"
      >
        <div
          className="css-wvm62d"
          color="#acacac"
          size={12}
          src="https://external.xx.fbcdn.net/assets/?name=camcorder&variant=filled&size=12&set=facebook_icons&density=1x"
        />
      </div>
    </div>
    <div
      className="css-12zzrdt"
    />
    <span
      className="css-lli23c"
    >
      4.0.5
      -dev
    </span>
    <div
      className="css-1cecbfb"
      onClick={[Function]}
      onMouseDown={[Function]}
      onMouseUp={[Function]}
      title="Report Bug"
    >
      <div
        className="css-1idwz0j"
        color="#acacac"
        size={12}
        src="https://external.xx.fbcdn.net/assets/?name=bug&variant=filled&size=12&set=facebook_icons&density=1x"
      />
    </div>
    <div
      className="css-1ayt83l"
    >
      <div
        className="css-u1e6jr"
        onClick={[Function]}
        onMouseDown={[Function]}
        onMouseUp={[Function]}
        title="Toggle Plugins"
      >
        <div
          className="css-2bfl92"
          color="#80a6f5"
          size={20}
          src="icons/sidebar_left.svg"
        />
      </div>
      <div
        className="css-rb77sv"
        disabled={true}
        onClick={[Function]}
        onMouseDown={[Function]}
        onMouseUp={[Function]}
        title="Toggle Details"
      >
        <div
          className="css-j5i4pm"
          color="#acacac"
          size={20}
          src="icons/sidebar_right.svg"
        />
      </div>
    </div>
  </div>
  <div
    className="css-6xnt2s"
  >
    <div
      id="pluginSheetContents"
      style={
        Object {
          "display": "none",
        }
      }
    />
  </div>
  <div
    className="css-9qtipk"
  >
    <div
      className="css-1atbcdi"
    >
      <div
        className="css-1hs1k35"
      >
        <img
          className="css-1yl4k4p"
          src="./icon.png"
        />
        <span
          className="css-p2pwny"
        >
          Welcome to Flipper
        </span>
        <span
          className="css-1xkgddx"
        >
          Development Mode
        </span>
        <div
          className="css-ls6p57"
          onClick={[Function]}
        >
          <div
            className="css-1hjpcq0"
            color="#8155cb"
            size={20}
            src="https://external.xx.fbcdn.net/assets/?name=rocket&variant=filled&size=20&set=facebook_icons&density=1x"
          />
          <div
            className="css-1k4677w"
          >
            <span
              className="css-1jw94dh"
            >
              Using Flipper
            </span>
            <span
              className="css-bcc6f5"
            >
              Learn how Flipper can help you debug your App
            </span>
          </div>
        </div>
        <div
          className="css-ls6p57"
          onClick={[Function]}
        >
          <div
            className="css-yfo7mj"
            color="#8155cb"
            size={20}
            src="https://external.xx.fbcdn.net/assets/?name=magic-wand&variant=filled&size=20&set=facebook_icons&density=1x"
          />
          <div
            className="css-1k4677w"
          >
            <span
              className="css-1jw94dh"
            >
              Create your own plugin
            </span>
            <span
              className="css-bcc6f5"
            >
              Get started with these pointers
            </span>
          </div>
        </div>
        <div
          className="css-ls6p57"
          onClick={[Function]}
        >
          <div
            className="css-4qdej8"
            color="#8155cb"
            size={20}
            src="https://external.xx.fbcdn.net/assets/?name=tools&variant=filled&size=20&set=facebook_icons&density=1x"
          />
          <div
            className="css-1k4677w"
          >
            <span
              className="css-1jw94dh"
            >
              Add Flipper support to your app
            </span>
            <span
              className="css-bcc6f5"
            >
              Get started with these pointers
            </span>
          </div>
        </div>
        <div
          className="css-ls6p57"
          onClick={[Function]}
        >
          <div
            className="css-l82yfp"
            color="#8155cb"
            size={20}
            src="https://external.xx.fbcdn.net/assets/?name=posts&variant=filled&size=20&set=facebook_icons&density=1x"
          />
          <div
            className="css-1k4677w"
          >
            <span
              className="css-1jw94dh"
            >
              Contributing and Feedback
            </span>
            <span
              className="css-bcc6f5"
            >
              Report issues and help us improve Flipper
            </span>
          </div>
        </div>
      </div>
    </div>
  </div>
</div>
`;
